00000000                                     1  
00000000                                     2   ORG $0
00000000                                     3  
00000000  00008000                           4    DC.L $8000
00000004  00004000                           5    DC.L $4000
00000008                                     6  
00000008                                     7  
00000008                                     8  
00000008                                     9   
00000500                                    10   ORG $500
00000500                                    11  
00000500  =00EFFC01                         12   MR1A: EQU $EFFC01
00000500  =00EFFC01                         13   MR2A: EQU $EFFC01
00000500  =00EFFC03                         14   CSRA: EQU $EFFC03
00000500  =00EFFC05                         15   CRA: EQU $EFFC05
00000500  =00EFFC07                         16   BUFF_A: EQU $EFFC07
00000500                                    17   
00000500  =00EFFC09                         18   ACR: EQU $EFFC09
00000500  =00EFFC0B                         19   IMR: EQU $EFFC0B
00000500  =00EFFC0B                         20   ISR: EQU $EFFC0B
00000500                                    21  
00000500  =00EFFC11                         22   MR1B: EQU $EFFC11
00000500  =00EFFC11                         23   MR2B: EQU $EFFC11
00000500  =00EFFC13                         24   CSRB: EQU $EFFC13
00000500  =00EFFC15                         25   CRB: EQU $EFFC15
00000500  =00EFFC17                         26   BUFF_B: EQU $EFFC17
00000500                                    27  
00000500  =00EFFC19                         28   IVR: EQU $EFFC19
00000500                                    29  
00000500                                    30  
00000500                                    31  
00000500                                    32  BUFFER: DS.B 2100 * Buffer para lectura y escritura de caracteres
00000D34  00000000                          33  PARDIR: DC.L 0 * Direcci√≥n que se pasa como par√°metro
00000D38  0000                              34  PARTAM: DC.W 0 * Tama√±o que se pasa como par√Åmetro
00000D3A  0000                              35  CONTC: DC.W 0 * Contador de caracteres a imprimir
00000D3C  =00000000                         36  DESA: EQU 0 * Descriptor l√≠nea A
00000D3C  =00000001                         37  DESB: EQU 1 * Descriptor l√≠nea B
00000D3C  =00000001                         38  TAMBS: EQU 1 * Tama√±o de bloque para SCAN
00000D3C  =00000001                         39  TAMBP: EQU 1 * Tama√±o de bloque para PRINT
00000D3C                                    40  
00000D3C  00                                41  IMR_2: DC.B 0
00000D3D                                    42  
00000D3D                                    43  
00001000                                    44   ORG $1000
00001000                                    45  
00001000                                    46  
00001000                                    47   RTI:
00001000  13FC 0000 00EFFC0B                48   MOVE.B #$00,IMR
00001008  48E7 E020                         49   MOVEM.L D0-D2/A2,-(A7)
0000100C  48E7 0200                         50   MOVEM.L D6,-(A7)
00001010  1C39 00EFFC0B                     51   MOVE.B ISR,D6
00001016  CC38 0D3C                         52   AND.B IMR_2,D6
0000101A                                    53  
0000101A                                    54  
0000101A                                    55  
0000101A  0806 0000                         56   BTST #0,D6           
0000101E  6600 0048                         57   BNE.L IN_TA  
00001022  0806 0001                         58  RTI_1: BTST #1,D6           
00001026  6600 0016                         59   BNE.L IN_RA         
0000102A  0806 0004                         60  RTI_4: BTST #4,D6           
0000102E  6600 0060                         61   BNE.L IN_TB 
00001032  0806 0005                         62  RTI_5: BTST #5,D6  
00001036  6600 001C                         63   BNE.L  IN_RB  
0000103A  6000 007A                         64   BRA.L FIN_RTI
0000103E                                    65  
0000103E                                    66  
0000103E                                    67  IN_RA:
0000103E                                    68  
0000103E  103C 0000                         69   MOVE.B #$00,D0
00001042  1239 00EFFC07                     70   MOVE.B BUFF_A,D1
00001048  4EB9 00005FF6                     71   JSR ESCCAR
0000104E  5204                              72   ADD.B #$01,D4
00001050                                    73  
00001050  6000 FFD8                         74   BRA.L RTI_4
00001054                                    75  
00001054                                    76  
00001054                                    77  IN_RB:
00001054                                    78  
00001054  103C 0001                         79   MOVE.B #$01,D0
00001058  1239 00EFFC17                     80   MOVE.B BUFF_B,D1
0000105E  4EB9 00005FF6                     81   JSR ESCCAR
00001064                                    82  
00001064  6000 0050                         83   BRA.L FIN_RTI
00001068                                    84  
00001068                                    85  IN_TA:
00001068                                    86  
00001068  103C 0002                         87   MOVE.B #$02,D0
0000106C  4EB9 00006078                     88   JSR LEECAR
00001072  B0BC FFFFFFFF                     89   CMP.L #$FFFFFFFF,D0
00001078  6600 000C                         90   BNE HIT_IN_TA
0000107C  0238 00FE 0D3C                    91   AND.B #$FE,IMR_2
00001082  6000 0032                         92   BRA.L FIN_RTI
00001086                                    93  
00001086                                    94  
00001086                                    95   HIT_IN_TA:
00001086  13C0 00EFFC07                     96   MOVE.B D0,BUFF_A
0000108C                                    97  
0000108C  6000 FF94                         98   BRA.L RTI_1
00001090                                    99  
00001090                                   100  
00001090                                   101  IN_TB:
00001090                                   102  
00001090  7003                             103   MOVE.L #$03,D0
00001092  4EB9 00006078                    104   JSR LEECAR
00001098  B0BC FFFFFFFF                    105   CMP.L #$FFFFFFFF,D0
0000109E  6600 000C                        106   BNE HIT_TB
000010A2  0238 00EF 0D3C                   107   AND.B #$EF,IMR_2
000010A8  6000 FF88                        108   BRA.L RTI_5
000010AC                                   109  
000010AC                                   110  
000010AC                                   111  
000010AC                                   112  
000010AC                                   113  
000010AC                                   114  
000010AC                                   115  HIT_TB:
000010AC                                   116  
000010AC                                   117  
000010AC                                   118  
000010AC  13C0 00EFFC17                    119   MOVE.B D0,BUFF_B
000010B2                                   120  
000010B2  6000 0002                        121   BRA.L FIN_RTI
000010B6                                   122  
000010B6                                   123  
000010B6                                   124  
000010B6                                   125   
000010B6                                   126  
000010B6                                   127  
000010B6                                   128  
000010B6                                   129  
000010B6                                   130  
000010B6                                   131  
000010B6                                   132  
000010B6  4CDF 0040                        133   FIN_RTI: MOVEM.L (A7)+,D6
000010BA  4CDF 0407                        134   MOVEM.L (A7)+,D0-D2/A2
000010BE  13F8 0D3C 00EFFC0B               135   MOVE.B IMR_2,IMR
000010C6  4E73                             136   RTE
000010C8                                   137  
000010C8                                   138    
000010C8                                   139  
000010C8                                   140  
00003000                                   141   ORG $3000
00003000                                   142  
00003000                                   143  INIT: 
00003000                                   144  
00003000                                   145   * Reg MR1X 0(0)0000(11) = $03 (RxRGY & 8bits)
00003000                                   146   * Reg MR2X (00)0000(0) = $0 (Modo normal)
00003000                                   147   * Reg ACR (0)000000 = $0 (Conjunto 1 de velocidades) 
00003000                                   148   * Reg CSRX (1100)(1100) = $CC ( velocidades de transmision y recepcion)
00003000                                   149   * Reg CRX (0001)(01)(01) = $15 (Habilitar transmision y recepcion)
00003000                                   150   * Reg IVR  $40 (Dado por el enunciado)
00003000                                   151   * Reg IMR  00(1)(0)00(1)(0) = $22 (habilitar E/S)
00003000                                   152  
00003000  6100 30F4                        153   BSR.L INI_BUFS
00003004                                   154  
00003004  13FC 0010 00EFFC05               155   MOVE.B #$10,CRA
0000300C  13FC 0010 00EFFC15               156   MOVE.B #$10,CRB *Activamos MR1 pero no ponemos las interrupciones aun
00003014                                   157  
00003014  13FC 0003 00EFFC01               158   MOVE.B #$03,MR1A
0000301C  13FC 0003 00EFFC11               159   MOVE.B #$03,MR1B
00003024  13FC 0000 00EFFC01               160   MOVE.B #$00,MR2A
0000302C  13FC 0000 00EFFC11               161   MOVE.B #$00,MR2B
00003034                                   162  
00003034                                   163  
00003034  13FC 00CC 00EFFC03               164   MOVE.B #$CC,CSRA
0000303C  13FC 00CC 00EFFC13               165   MOVE.B #$CC,CSRB
00003044                                   166  
00003044                                   167  
00003044  13FC 0040 00EFFC19               168   MOVE.B #$40,IVR
0000304C  13FC 0033 00EFFC0B               169   MOVE.B #$33,IMR
00003054  11FC 0033 0D3C                   170   MOVE.B #$33,IMR_2
0000305A  13FC 0000 00EFFC09               171   MOVE.B #$00,ACR
00003062                                   172  
00003062  21FC 00001000 0100               173   MOVE.L #RTI,$100
0000306A                                   174  
0000306A  13FC 0015 00EFFC05               175   MOVE.B #$15,CRA
00003072  13FC 0015 00EFFC15               176   MOVE.B #$15,CRB *Activamos MR1  y las interrupciones
0000307A                                   177  
0000307A                                   178  
0000307A  4E75                             179   RTS
0000307C                                   180  
0000307C                                   181  
0000307C                                   182  * SCAN - Lectura de dispositivo
0000307C                                   183  * Par√°metros en pila (desde 8(A6) hacia arriba):
0000307C                                   184  *   8(A6)  = Buffer destino (direcci√≥n, 4 bytes)
0000307C                                   185  *   12(A6) = Descriptor l√≠nea (2 bytes): 0 = A, 1 = B
0000307C                                   186  *   14(A6) = Tama√±o m√°ximo a leer (2 bytes)
0000307C                                   187  * Retorno: D0 = n√∫mero de caracteres le√≠dos, o -1 si error
0000307C                                   188  
0000307C                                   189  
0000307C                                   190  SCAN:
0000307C  4E56 0000                        191          LINK    A6,#0              * Crear marco de pila
00003080  48E7 7080                        192          MOVEM.L D1-D3/A0,-(A7)    * Salvar registros
00003084                                   193  
00003084                                   194          * Cargar par√°metros
00003084  B180                             195          EOR.L D0,D0
00003086                                   196          * 0(A6) es la dir retorno
00003086  206E 0008                        197          MOVE.L  8(A6),A0          * A0 = buffer destino
0000308A  302E 000C                        198          MOVE.W  12(A6),D0          * D0 = descriptor (0=A, 1=B)
0000308E  342E 000E                        199          MOVE.W  14(A6),D2          * D2 = tama√±o m√°ximo
00003092                                   200  
00003092                                   201          * Validar descriptor (solo 0 o 1 son v√°lidos)
00003092  B07C 0001                        202            CMP.W   #1,D0
00003096  6200 0038                        203          BHI     SCAN_ERROR
0000309A                                   204          * Validar tama√±o (si es 0, no hay nada que leer)
0000309A  B47C 0000                        205          CMP.W   #0,D2
0000309E  6700 0024                        206          BEQ     SCAN_CERO
000030A2                                   207          * Inicializar contador de caracteres le√≠dos
000030A2  4283                             208          CLR.L   D3
000030A4                                   209  
000030A4                                   210  SCAN_LOOP:
000030A4                                   211          * ¬øYa le√≠mos el m√°ximo?
000030A4  B443                             212          CMP.W   D3,D2
000030A6  6700 0022                        213          BEQ     SCAN_FIN
000030AA  B180                             214          EOR.L D0,D0
000030AC  302E 0008                        215          MOVE.W  8(A6),D0          * D0 = descriptor (0=A, 1=B)
000030B0                                   216  
000030B0  6100 2FC6                        217          BSR     LEECAR
000030B4                                   218          * Si LEECAR devuelve -1, buffer vac√≠o ‚Üí terminar
000030B4  B0BC FFFFFFFF                    219          CMP.L   #$FFFFFFFF,D0
000030BA  6700 000E                        220          BEQ     SCAN_FIN
000030BE                                   221  
000030BE                                   222          * Copiar car√°cter al buffer destino y avanzar puntero
000030BE  10C0                             223          MOVE.B  D0,(A0)+
000030C0  5243                             224          ADDQ.W  #1,D3
000030C2  60E0                             225          BRA     SCAN_LOOP
000030C4                                   226  
000030C4                                   227  SCAN_CERO:
000030C4                                   228          * Tama√±o = 0: devolver 0 caracteres le√≠dos
000030C4  4280                             229          CLR.L   D0
000030C6  6000 000A                        230          BRA     SCAN_RET
000030CA                                   231  
000030CA                                   232  SCAN_FIN:
000030CA                                   233          * Devolver n√∫mero de caracteres le√≠dos
000030CA  2003                             234          MOVE.L  D3,D0
000030CC  6000 0004                        235          BRA     SCAN_RET
000030D0                                   236  
000030D0                                   237  SCAN_ERROR:
000030D0                                   238          * Par√°metro inv√°lido: devolver -1
000030D0  70FF                             239          MOVE.L  #$FFFFFFFF,D0
000030D2                                   240  
000030D2                                   241  SCAN_RET:
000030D2  4CDF 010E                        242          MOVEM.L (A7)+,D1-D3/A0    * Restaurar registros
000030D6  4E5E                             243          UNLK    A6                  * Destruir marco de pila
000030D8  4E75                             244          RTS
000030DA                                   245  
000030DA                                   246  
000030DA                                   247  * Print - Escritura en dispositivo
000030DA                                   248  * Par√°metros en pila (desde 8(A6) hacia arriba):
000030DA                                   249  *   4(A6)  = Buffer fuente (direcci√≥n, 4 bytes)
000030DA                                   250  *   8(A6) = Descriptor l√≠nea (2 bytes): 0 = A, 1 = B
000030DA                                   251  *   10(A6) = Tama√±o a escribir (2 bytes)
000030DA                                   252  * Retorno: D0 = n√∫mero de caracteres aceptados, o -1 si error
000030DA                                   253  
000030DA                                   254  
000030DA                                   255  PRINT:
000030DA  4E56 0000                        256          LINK    A6,#0              * Crear marco de pila
000030DE  48E7 7CC0                        257          MOVEM.L D1-D5/A0-A1,-(A7) * Salvar registros
000030E2                                   258  
000030E2                                   259          * Cargar par√°metros
000030E2  B180                             260          EOR.L D0,D0
000030E4  302E 000C                        261          MOVE.W  12(A6),D0          * D0 = descriptor (0=A, 1=B)
000030E8  342E 000E                        262          MOVE.W  14(A6),D2          * D2 = tama√±o
000030EC  206E 0008                        263          MOVE.L  8(A6),A0          * A0 = buffer fuente
000030F0                                   264  
000030F0                                   265          * Validar descriptor (solo 0 o 1 son v√°lidos)
000030F0  B07C 0001                        266          CMP.W   #1,D0
000030F4  6200 0068                        267          BHI     PRINT_ERROR
000030F8                                   268  
000030F8                                   269          * Validar tama√±o (si es 0, no hay nada que escribir)
000030F8  B47C 0000                        270          CMP.W   #0,D2
000030FC  6700 005A                        271          BEQ     PRINT_CERO
00003100                                   272  
00003100                                   273          * Inicializar contador
00003100  4283                             274          CLR.L   D3
00003102  2248                             275          MOVE.L  A0,A1              * A1 = puntero fuente (avanza)
00003104                                   276  
00003104                                   277  PRINT_LOOP:
00003104                                   278          * ¬øYa escribimos todo?
00003104  B443                             279          CMP.W   D3,D2
00003106  6700 001E                        280          BEQ     PRINT_FIN
0000310A                                   281  
0000310A                                   282      
0000310A                                   283          * Obtener car√°cter del buffer fuente
0000310A  1219                             284          MOVE.B  (A1)+,D1
0000310C                                   285  
0000310C                                   286          * Calcular descriptor para ESCCAR (transmisi√≥n)
0000310C                                   287          * Descriptor original 0 ‚Üí 2 (PRNT_A)
0000310C                                   288          * Descriptor original 1 ‚Üí 3 (PRNT_B)
0000310C  B180                             289          EOR.L D0,D0
0000310E  302E 0008                        290          MOVE.W  8(A6),D0          * D0 = descriptor (0=A, 1=B)
00003112  5440                             291          ADDQ.W  #2,D0
00003114                                   292  
00003114                                   293          * Insertar car√°cter en buffer interno
00003114  6100 2EE0                        294          BSR     ESCCAR
00003118                                   295  
00003118                                   296         
00003118                                   297          * Si ESCCAR devuelve -1, buffer lleno ‚Üí terminar
00003118  B0BC FFFFFFFF                    298          CMP.L   #$FFFFFFFF,D0
0000311E  6700 0006                        299          BEQ     PRINT_FIN
00003122                                   300  
00003122                                   301          * Incrementar contador
00003122  5243                             302          ADDQ.W  #1,D3
00003124  60DE                             303          BRA     PRINT_LOOP
00003126                                   304  
00003126                                   305  PRINT_FIN:
00003126                                   306          * ¬øSe insert√≥ alg√∫n car√°cter?
00003126  4A83                             307          TST.L   D3
00003128  6700 0028                        308          BEQ     PRINT_RET_OK
0000312C                                   309  
0000312C                                   310    
0000312C                                   311  
0000312C                                   312          * Activar TxRDY seg√∫n la l√≠nea
0000312C  B180                             313          EOR.L D0,D0
0000312E  302E 0008                        314          MOVE.W  8(A6),D0
00003132  B07C 0000                        315          CMP.W   #0,D0
00003136  6700 000C                        316          BEQ     PRINT_ACT_A
0000313A                                   317          * L√≠nea B: activar bit 5 (TXR_B)
0000313A  0038 0010 0D3C                   318          OR.B   #$10,IMR_2
00003140  6000 0008                        319          BRA     PRNT_ACT_K
00003144                                   320  PRINT_ACT_A:
00003144                                   321          * L√≠nea A: activar bit 1 (TXR_A)
00003144                                   322          
00003144  0038 0001 0D3C                   323          OR.B   #$01,IMR_2
0000314A                                   324  
0000314A                                   325  PRNT_ACT_K:
0000314A                                   326          * Actualizar IMR y su copia
0000314A                                   327         
0000314A  13F8 0D3C 00EFFC0B               328          MOVE.B IMR_2,IMR
00003152                                   329  
00003152                                   330  
00003152                                   331  PRINT_RET_OK:
00003152  2003                             332          MOVE.L  D3,D0              * Devolver caracteres aceptados
00003154  6000 000A                        333          BRA     PRINT_DEVUELVE
00003158                                   334  
00003158                                   335  PRINT_CERO:
00003158  4280                             336          CLR.L   D0                  * Devolver 0
0000315A  6000 0004                        337          BRA     PRINT_DEVUELVE
0000315E                                   338  
0000315E                                   339  PRINT_ERROR:
0000315E  70FF                             340          MOVE.L  #$FFFFFFFF,D0      * Devolver -1 (error)
00003160                                   341  
00003160                                   342  PRINT_DEVUELVE:
00003160  4CDF 033E                        343          MOVEM.L (A7)+,D1-D5/A0-A1
00003164  4E5E                             344          UNLK    A6
00003166  4E75                             345          RTS
00003168                                   346  
00003168                                   347  
00003168                                   348  
00003168                                   349  
00003168                                   350  
00003168                                   351  * ORG $4000
00003168                                   352  
00003168                                   353  * JSR INIT
00003168                                   354  * MOVE.W #$2000,SR
00003168                                   355  * EOR.L D0,D0
00003168                                   356  * EOR.L D1,D1
00003168                                   357  * ADD.B #$34,D1
00003168                                   358  * EOR.L D0,D0
00003168                                   359  * BUC:ADD.B #$0,D0
00003168                                   360  * ADD.W #$10,D2
00003168                                   361  * BRA BUC
00003168                                   362  
00003168                                   363  
00003168                                   364  
00003168                                   365  
00003168  31 32 33 34 35 36 37 38 39 ...   366  TEXTO DC.B '1234567890123456789012345678901234567890123456789012345678901234567890123456789012345678901234567890'
000031CC                                   367  
000031CC                                   368  
000031CC                                   369  TESTPRINT: 
000031CC  2E7C 00008000                    370         MOVE.L #$8000,A7
000031D2  3F3C 0000                        371         MOVE.W #$0,-(A7)
000031D6  3F3C 0000                        372         MOVE.W #0,-(A7)
000031DA  2F3C 00003168                    373         MOVE.L #TEXTO,-(A7)
000031E0  6100 FEF8                        374         BSR PRINT
000031E4  4848                             375         BREAK
000031E6  3F3C 0064                        376         MOVE.W #$0064,-(A7)
000031EA  3F3C 0001                        377         MOVE.W #1,-(A7)
000031EE  2F3C 00003168                    378         MOVE.L #TEXTO,-(A7)
000031F4  6100 FEE4                        379         BSR PRINT
000031F8  4848                             380         BREAK
000031FA  3F3C 0064                        381         MOVE.W #$0064,-(A7)
000031FE  3F3C 0001                        382         MOVE.W #1,-(A7)
00003202  2F3C 00003168                    383         MOVE.L #TEXTO,-(A7)
00003208  6100 FED0                        384         BSR PRINT
0000320C  4848                             385         BREAK
0000320E                                   386  
0000320E                                   387  
00004000                                   388   ORG $4000
00004000                                   389  
00004000  2E7C 00008000                    390    MOVE.L  #$8000,A7
00004006  7000                             391  	MOVE.L  #$0,D0
00004008  7200                             392  	MOVE.L  #$0,D1
0000400A  7400                             393  	MOVE.L  #$0,D2
0000400C  7600                             394  	MOVE.L  #$0,D3
0000400E  7800                             395  	MOVE.L  #$0,D4
00004010  7A00                             396  	MOVE.L  #$0,D5
00004012  7C00                             397  	MOVE.L  #$0,D6
00004014  7E00                             398  	MOVE.L  #$0,D7
00004016  207C 00000000                    399  	MOVE.L  #$0,A0
0000401C  227C 00000000                    400  	MOVE.L  #$0,A1
00004022  247C 00000000                    401  	MOVE.L  #$0,A2
00004028  267C 00000000                    402  	MOVE.L  #$0,A3
0000402E  287C 00000000                    403  	MOVE.L  #$0,A4
00004034  2A7C 00000000                    404  	MOVE.L  #$0,A5
0000403A  2C7C 00000000                    405         MOVE.L  #$0,A6       
00004040  21FC 0000407C 0008               406         MOVE.L #BUS_ERROR,8 * Bus error handler
00004048  21FC 00004080 000C               407         MOVE.L #ADDRESS_ER,12 * Address error handler
00004050  21FC 00004084 0010               408         MOVE.L #ILLEGAL_IN,16 * Illegal instruction handler
00004058  21FC 00004088 0020               409         MOVE.L #PRIV_VIOLT,32 * Privilege violation handler
00004060  21FC 00004084 0028               410         MOVE.L #ILLEGAL_IN,40 * Illegal instruction handler
00004068  21FC 00004084 002C               411         MOVE.L #ILLEGAL_IN,44 * Illegal instruction handler
00004070  6100 EF8E                        412         BSR INIT
00004074  46FC 2000                        413         MOVE.W #$2000,SR * Permite interrupciones y activa modo supervisor
00004078  4EB8 31CC                        414    JSR TESTPRINT
0000407C                                   415  
0000407C  4848                             416     BUS_ERROR: BREAK * Bus error handler
0000407E  4E71                             417         NOP
00004080  4848                             418         ADDRESS_ER: BREAK * Address error handler
00004082  4E71                             419         NOP
00004084  4848                             420         ILLEGAL_IN: BREAK * Illegal instruction handler
00004086  4E71                             421         NOP
00004088  4848                             422         PRIV_VIOLT: BREAK * Privilege violation handler
0000408A  4E71                             423         NOP
0000408C                                   424  
0000408C                                   425  
0000408C                                   426  * V1.0 Feb. 2022
0000408C                                   427  * V1.1 24/02/2022. Alineamiento esccar
0000408C                                   428  * V1.2 14/03/2022. DevoluciÛn valor correcto de D0 en ESCCAR
0000408C                                   429  * V1.3 03/05/2022. Se ponen a 0 los 30 bits m·s sign de D0 en LEECAR y ESCCAR
0000408C                                   430  * V1.4 09/11/2023. Renombrado de etiquetas. Comienzan por .
0000408C                                   431  
0000408C                                   432  
0000408C                                   433  
0000408C  =00000000                        434  .SCAN_A	EQU	0
0000408C  =00000001                        435  .SCAN_B	EQU	1
0000408C  =00000002                        436  .PRNT_A	EQU	2
0000408C  =00000003                        437  .PRNT_B	EQU	3
0000408C                                   438  
0000408C  =000007D1                        439  .TAMBUF	EQU	2001
0000408C                                   440  
0000408C                                   441  * Buffer de Scan A
0000408C  00004094                         442  .BSCAN_A		DC.L	.BSC_A	* Puntero de extracciÛn 
00004090  00004094                         443  		DC.L	.BSC_A	* Puntero de inserciÛn
00004094                                   444  .BSC_A		DS.B	.TAMBUF	* BUFFER DE 2001 BYTES
00004865                                   445  
00004865                                   446  * Buffer de Scan B
00004866  0000486E                         447  .BSCAN_B		DC.L	.BSC_B	* Puntero de extracciÛn 
0000486A  0000486E                         448  		DC.L	.BSC_B	* Puntero de inserciÛn
0000486E                                   449  .BSC_B		DS.B	.TAMBUF	* BUFFER DE 2001 BYTES
0000503F                                   450  
0000503F                                   451  * Buffer de Print A
00005040  00005048                         452  .BPRNT_A		DC.L	.BPR_A	* Puntero de extracciÛn 
00005044  00005048                         453  		DC.L	.BPR_A	* Puntero de inserciÛn
00005048                                   454  .BPR_A		DS.B	.TAMBUF	* BUFFER DE 2001 BYTES
00005819                                   455  
00005819                                   456  * Buffer de Print B
0000581A  00005822                         457  .BPRNT_B		DC.L	.BPR_B	* Puntero de extracciÛn 
0000581E  00005822                         458  		DC.L	.BPR_B	* Puntero de inserciÛn
00005822                                   459  .BPR_B		DS.B	.TAMBUF	* BUFFER DE 2001 BYTES
00005FF3                                   460  
00005FF4  0001                             461  		DC.W 1
00005FF6                                   462  
00005FF6                                   463  
00005FF6                                   464  *************************** ESCCAR *********************************************************
00005FF6                                   465  
00005FF6                                   466  ESCCAR:
00005FF6  48E7 20F8                        467          MOVEM.L A0-A4/D2,-(A7)       * Guarda todos los registros en la pila
00005FFA                                   468  
00005FFA  C0BC 00000003                    469  	AND.L   #3,D0
00006000  B0BC 00000000                    470  	CMP.L	#.SCAN_A,D0
00006006  6600 000C                        471  	BNE	.ESCB
0000600A  207C 0000408C                    472  	MOVE.L	#.BSCAN_A,A0
00006010  6000 0030                        473  	BRA	.CONTESC
00006014  B0BC 00000001                    474  .ESCB:   CMP.L   #.SCAN_B,D0
0000601A  6600 000C                        475          BNE     .EPRA
0000601E  207C 00004866                    476          MOVE.L  #.BSCAN_B,A0
00006024  6000 001C                        477          BRA     .CONTESC
00006028  B0BC 00000002                    478  .EPRA:   CMP.L   #.PRNT_A,D0
0000602E  6600 000C                        479          BNE     .EPRB
00006032  207C 00005040                    480          MOVE.L  #.BPRNT_A,A0
00006038  6000 0008                        481          BRA     .CONTESC
0000603C  207C 0000581A                    482  .EPRB: 	MOVE.L  #.BPRNT_B,A0
00006042                                   483  
00006042  B180                             484  .CONTESC: EOR.L D0,D0		* A0 contiene la direcciÛn del puntero de extracciÛn
00006044  2250                             485  	MOVE.L	(A0),A1		* A1 contiene el puntero de extracciÛn
00006046  2468 0004                        486  	MOVE.L	4(A0),A2	* A2 contiene el puntero de inserciÛn 
0000604A  2648                             487  	MOVE.L	A0,A3
0000604C  508B                             488  	ADD.L	#8,A3		* A3 contiene el comienzo del buffer 
0000604E  240B                             489  	MOVE.L	A3,D2
00006050  0682 000007D1                    490  	ADD.L	#.TAMBUF,D2
00006056  2842                             491  	MOVE.L	D2,A4		* A4 contiene el final del buffer (1 m·s all·)
00006058                                   492  
00006058  14C1                             493  	MOVE.B	D1,(A2)+		* Inserta el caracter
0000605A  B9CA                             494  	CMP.L	A2,A4		* Si son iguales  ha llegado al final del buffer
0000605C  6600 0004                        495  	BNE	.ACPUNE
00006060  244B                             496  	MOVE.L	A3,A2		* Se pone el puntero de inserciÛn al comienzo del buffer
00006062  B5C9                             497  .ACPUNE: CMP.L	A1,A2		* Si son iguales se ha llenado el buffer
00006064  6700 000A                        498  	BEQ	.LLENO
00006068  214A 0004                        499  	MOVE.L	A2,4(A0)	* Actualiza el puntero de inserciÛn
0000606C  6000 0004                        500  	BRA	.FINEB
00006070  70FF                             501  .LLENO:	MOVE.L	#-1,D0		* Se devuelve un -1 en D0 
00006072  4CDF 1F04                        502  .FINEB:	MOVEM.L       (A7)+,A0-A4/D2 *Restauramos los registros
00006076  4E75                             503  	RTS
00006078                                   504  
00006078                                   505  *************************** FIN ESCCAR *****************************************************
00006078                                   506  
00006078                                   507  *************************** LEECAR *********************************************************
00006078                                   508  
00006078                                   509  LEECAR:
00006078  48E7 20F8                        510          MOVEM.L A0-A4/D2,-(A7)       * Guarda todos los registros en la pila
0000607C                                   511  
0000607C  C0BC 00000003                    512  	AND.L   #3,D0
00006082  B0BC 00000000                    513  	CMP.L	#.SCAN_A,D0
00006088  6600 000C                        514  	BNE	.LSCB
0000608C  207C 0000408C                    515  	MOVE.L	#.BSCAN_A,A0
00006092  6000 0030                        516  	BRA	.CONTLEE
00006096  B0BC 00000001                    517  .LSCB:   CMP.L   #.SCAN_B,D0
0000609C  6600 000C                        518          BNE     .LPRA
000060A0  207C 00004866                    519          MOVE.L  #.BSCAN_B,A0
000060A6  6000 001C                        520          BRA     .CONTLEE
000060AA  B0BC 00000002                    521  .LPRA:   CMP.L   #.PRNT_A,D0
000060B0  6600 000C                        522          BNE     .LPRB
000060B4  207C 00005040                    523          MOVE.L  #.BPRNT_A,A0
000060BA  6000 0008                        524          BRA     .CONTLEE
000060BE  207C 0000581A                    525  .LPRB: 	MOVE.L  #.BPRNT_B,A0
000060C4                                   526  
000060C4                                   527  .CONTLEE:				* A0 contiene la direcciÛn del puntero de extracciÛn
000060C4  2250                             528  	MOVE.L	(A0),A1		* A1 contiene el puntero de extracciÛn
000060C6  2468 0004                        529  	MOVE.L	4(A0),A2	* A2 contiene el puntero de inserciÛn 
000060CA  2648                             530  	MOVE.L	A0,A3
000060CC  508B                             531  	ADD.L	#8,A3		* A3 contiene el comienzo del buffer 
000060CE  240B                             532          MOVE.L  A3,D2
000060D0  0682 000007D1                    533          ADD.L   #.TAMBUF,D2
000060D6  2842                             534          MOVE.L  D2,A4           * A4 contiene el final del buffer (1 m·s all·)
000060D8                                   535  
000060D8  B5C9                             536  	CMP.L	A1,A2		* Si son iguales, el buffer est· vacÌo
000060DA  6600 0008                        537  	BNE	.NOVAC
000060DE  70FF                             538  	MOVE.L	#-1,D0
000060E0  6000 000E                        539  	BRA	.SALLB
000060E4                                   540  
000060E4  1019                             541  .NOVAC:	MOVE.B	(A1)+,D0		* Extrae el caracter
000060E6  B9C9                             542  	CMP.L	A1,A4		* Si son iguales  ha llegado al final del buffer
000060E8  6600 0004                        543  	BNE	.ACPUNL
000060EC  224B                             544  	MOVE.L	A3,A1		* Se pone el puntero de extracciÛn al comienzo del buffer
000060EE  2089                             545  .ACPUNL:	MOVE.L	A1,(A0)		* Actualiza el puntero de extracciÛn
000060F0                                   546  
000060F0  4CDF 1F04                        547  .SALLB:	MOVEM.L (A7)+,A0-A4/D2 *Restauramos los registros
000060F4  4E75                             548  	RTS
000060F6                                   549  
000060F6                                   550  *************************** FIN LEECAR *****************************************************
000060F6                                   551  
000060F6                                   552  *************************** INI_BUFS *********************************************************
000060F6                                   553  
000060F6                                   554  INI_BUFS:
000060F6  21FC 00004094 408C               555  	MOVE.L	#.BSC_A,.BSCAN_A		* Inicia el puntero de extracciÛn
000060FE  21FC 00004094 4090               556  	MOVE.L	#.BSC_A,.BSCAN_A+4	* Inicia el puntero de inserciÛn
00006106  21FC 0000486E 4866               557  	MOVE.L	#.BSC_B,.BSCAN_B		* Inicia el puntero de extracciÛn
0000610E  21FC 0000486E 486A               558  	MOVE.L	#.BSC_B,.BSCAN_B+4	* Inicia el puntero de inserciÛn
00006116  21FC 00005048 5040               559  	MOVE.L	#.BPR_A,.BPRNT_A		* Inicia el puntero de extracciÛn
0000611E  21FC 00005048 5044               560  	MOVE.L	#.BPR_A,.BPRNT_A+4	* Inicia el puntero de inserciÛn
00006126  21FC 00005822 581A               561  	MOVE.L	#.BPR_B,.BPRNT_B		* Inicia el puntero de extracciÛn
0000612E  21FC 00005822 581E               562  	MOVE.L	#.BPR_B,.BPRNT_B+4	* Inicia el puntero de inserciÛn
00006136                                   563  	
00006136  4E75                             564          RTS
00006138                                   565  
00006138                                   566  *************************** FIN INI_BUFS *****************************************************
00006138                                   567  
00006138                                   568  

No errors detected
No warnings generated
